
Memory Configuration

Name             Origin             Length             Attributes
RAM              0x20000000         0x00005000         xrw
FLASH            0x08000000         0x00010000         xr
*default*        0x00000000         0xffffffff

Linker script and memory map

LOAD Output/main.o
LOAD Output/GPIO.o
LOAD Output/Statup.o
                0x00000200                _Min_Heap_Size = 0x200
                0x00000400                _Min_Stack_Size = 0x400

.text           0x08000000      0x278
 *(.isr_vector)
 .isr_vector    0x08000000      0x130 Output/Statup.o
                0x08000000                vectors
 *(.text)
 .text          0x08000130       0x38 Output/main.o
                0x08000130                main
 .text          0x08000168       0x84 Output/GPIO.o
                0x08000168                Clock_Init
                0x08000190                myDelay
                0x080001c4                GPIO_Init
 .text          0x080001ec       0x8c Output/Statup.o
                0x080001ec                Reset_Handler
                0x08000270                TIM8_TRG_COM_IRQHandler
                0x08000270                TIM8_CC_IRQHandler
                0x08000270                DebugMon_Handler
                0x08000270                TIM1_CC_IRQHandler
                0x08000270                HardFault_Handler
                0x08000270                TIM6_IRQHandler
                0x08000270                SysTick_Handler
                0x08000270                PVD_IRQHandler
                0x08000270                SDIO_IRQHandler
                0x08000270                PendSV_Handler
                0x08000270                NMI_Handler
                0x08000270                EXTI3_IRQHandler
                0x08000270                USB_HP_CAN_TX_IRQHandler
                0x08000270                EXTI0_IRQHandler
                0x08000270                I2C2_EV_IRQHandler
                0x08000270                UsageFault_Handler
                0x08000270                ADC1_2_IRQHandler
                0x08000270                SPI1_IRQHandler
                0x08000270                CAN_SCE_IRQHandler
                0x08000270                TAMPER_IRQHandler
                0x08000270                TIM8_UP_IRQHandler
                0x08000270                DMA2_Channel2_IRQHandler
                0x08000270                DMA1_Channel4_IRQHandler
                0x08000270                USART3_IRQHandler
                0x08000270                RTC_IRQHandler
                0x08000270                DMA1_Channel7_IRQHandler
                0x08000270                EXTI2_IRQHandler
                0x08000270                UART5_IRQHandler
                0x08000270                ADC3_IRQHandler
                0x08000270                TIM4_IRQHandler
                0x08000270                CAN_RX1_IRQHandler
                0x08000270                DMA2_Channel1_IRQHandler
                0x08000270                I2C1_EV_IRQHandler
                0x08000270                DMA1_Channel6_IRQHandler
                0x08000270                UART4_IRQHandler
                0x08000270                TIM3_IRQHandler
                0x08000270                RCC_IRQHandler
                0x08000270                TIM1_TRG_COM_IRQHandler
                0x08000270                DMA1_Channel1_IRQHandler
                0x08000270                Default_Handler
                0x08000270                EXTI15_10_IRQHandler
                0x08000270                TIM7_IRQHandler
                0x08000270                TIM5_IRQHandler
                0x08000270                EXTI9_5_IRQHandler
                0x08000270                SPI2_IRQHandler
                0x08000270                USB_LP_CAN_RX0_IRQHandler
                0x08000270                MemManage_Handler
                0x08000270                SVC_Handler
                0x08000270                DMA1_Channel5_IRQHandler
                0x08000270                EXTI4_IRQHandler
                0x08000270                DMA1_Channel3_IRQHandler
                0x08000270                FSMC_IRQHandler
                0x08000270                TIM1_UP_IRQHandler
                0x08000270                WWDG_IRQHandler
                0x08000270                TIM2_IRQHandler
                0x08000270                TIM1_BRK_IRQHandler
                0x08000270                EXTI1_IRQHandler
                0x08000270                RTCAlarm_IRQHandler
                0x08000270                DMA2_Channel4_5_IRQHandler
                0x08000270                USART2_IRQHandler
                0x08000270                I2C2_ER_IRQHandler
                0x08000270                DMA1_Channel2_IRQHandler
                0x08000270                TIM8_BRK_IRQHandler
                0x08000270                FLASH_IRQHandler
                0x08000270                BusFault_Handler
                0x08000270                USART1_IRQHandler
                0x08000270                SPI3_IRQHandler
                0x08000270                I2C1_ER_IRQHandler
                0x08000270                DMA2_Channel3_IRQHandler
 *(.rodata)
                0x08000278                . = ALIGN (0x4)
                0x08000278                _etext = .

.glue_7         0x08000278        0x0
 .glue_7        0x08000278        0x0 linker stubs

.glue_7t        0x08000278        0x0
 .glue_7t       0x08000278        0x0 linker stubs

.vfp11_veneer   0x08000278        0x0
 .vfp11_veneer  0x08000278        0x0 linker stubs

.v4_bx          0x08000278        0x0
 .v4_bx         0x08000278        0x0 linker stubs

.iplt           0x08000278        0x0
 .iplt          0x08000278        0x0 Output/main.o

.rel.dyn        0x08000278        0x0
 .rel.iplt      0x08000278        0x0 Output/main.o

.data           0x20000000        0x0 load address 0x08000278
                0x20000000                . = ALIGN (0x4)
                0x20000000                _sdata = .
 *(.data)
 .data          0x20000000        0x0 Output/main.o
 .data          0x20000000        0x0 Output/GPIO.o
 .data          0x20000000        0x0 Output/Statup.o
                0x20000000                . = ALIGN (0x4)
                0x20000000                _edata = .

.igot.plt       0x20000000        0x0 load address 0x08000278
 .igot.plt      0x20000000        0x0 Output/main.o

.bss            0x20000000        0x0 load address 0x08000278
                0x20000000                _sbss = .
 *(.bss)
 .bss           0x20000000        0x0 Output/main.o
 .bss           0x20000000        0x0 Output/GPIO.o
 .bss           0x20000000        0x0 Output/Statup.o
 *(COMMON)
                0x20000000                . = ALIGN (0x4)
                0x20000000                _ebss = .
OUTPUT(Output/GPIO.elf elf32-littlearm)
LOAD linker stubs

.comment        0x00000000       0x49
 .comment       0x00000000       0x49 Output/main.o
                                 0x4a (size before relaxing)
 .comment       0x00000049       0x4a Output/GPIO.o
 .comment       0x00000049       0x4a Output/Statup.o

.ARM.attributes
                0x00000000       0x2e
 .ARM.attributes
                0x00000000       0x2e Output/main.o
 .ARM.attributes
                0x0000002e       0x2e Output/GPIO.o
 .ARM.attributes
                0x0000005c       0x2e Output/Statup.o
