12:11:45 **** Incremental Build of configuration Debug for project GPIO_Register ****
make -j20 all 
arm-none-eabi-gcc "../Src/main.c" -mcpu=cortex-m3 -std=gnu11 -g3 -DDEBUG -DSTM32 -DSTM32F1 -DSTM32F103C8Tx -c -I../Inc -O0 -ffunction-sections -fdata-sections -Wall -fstack-usage -fcyclomatic-complexity -MMD -MP -MF"Src/main.d" -MT"Src/main.o" --specs=nano.specs -mfloat-abi=soft -mthumb -o "Src/main.o"
arm-none-eabi-gcc -o "GPIO_Register.elf" @"objects.list"   -mcpu=cortex-m3 -T"D:\Work_Space\STM32\STM32_Register_WS\GPIO_Register\STM32F103C8TX_FLASH.ld" --specs=nosys.specs -Wl,-Map="GPIO_Register.map" -Wl,--gc-sections -static --specs=nano.specs -mfloat-abi=soft -mthumb -Wl,--start-group -lc -lm -Wl,--end-group
Finished building target: GPIO_Register.elf
 
arm-none-eabi-size  GPIO_Register.elf 
arm-none-eabi-objdump -h -S GPIO_Register.elf  > "GPIO_Register.list"
   text	   data	    bss	    dec	    hex	filename
    744	      0	   1568	   2312	    908	GPIO_Register.elf
Finished building: default.size.stdout
 
Finished building: GPIO_Register.list
 
12:11:52 **** Incremental Build of configuration Debug for project GPIO_Register ****
make -j20 all 
arm-none-eabi-size  GPIO_Register.elf 
   text	   data	    bss	    dec	    hex	filename
    744	      0	   1568	   2312	    908	GPIO_Register.elf
Finished building: default.size.stdout
 
12:12:09 **** Incremental Build of configuration Debug for project GPIO_Register ****
make -j20 all 
arm-none-eabi-size  GPIO_Register.elf 
   text	   data	    bss	    dec	    hex	filename
    744	      0	   1568	   2312	    908	GPIO_Register.elf
Finished building: default.size.stdout
 
